Resultado del comando: ps

    PID TTY          TIME CMD
  59346 pts/0    00:00:00 bash
  63496 pts/0    00:00:00 java
  63516 pts/0    00:00:00 ps

Resultado del comando: df

Filesystem                    1K-blocks    Used Available Use% Mounted on
udev                            1971284       0   1971284   0% /dev
tmpfs                            400924     692    400232   1% /run
/dev/mapper/debian12--vg-root  23852880 5096412  17519476  23% /
tmpfs                           2004600   54580   1950020   3% /dev/shm
tmpfs                              5120       0      5120   0% /run/lock
/dev/sda1                        465124  211976    228214  49% /boot
/dev/mapper/debian12--vg-home 219851752 3600544 205010556   2% /home
/dev/mapper/debian12--vg-tmp    1880592     784   1765940   1% /tmp
/dev/mapper/debian12--vg-var    9509056 2514276   6490156  28% /var
tmpfs                            400920      32    400888   1% /run/user/1000

Resultado del comando: free

               total        used        free      shared  buff/cache   available
Mem:         4009204     3126624      142724       82884     1060812      882580
Swap:         999420      187660      811760

